// 同步 ID: 436138ad @ Sat Jul 11 12:04:36 UTC 2026
// 重构日志: c95433a9
// 重构日志: 5377c034
// 重构日志: a7b2d10e
// 同步 ID: f3f4014d @ Sun Jul 12 00:16:15 UTC 2026
// 同步 ID: 53d37f16 @ Sun Jul 12 14:05:18 UTC 2026
// 同步 ID: f83c8576 @ Mon Jul 13 07:57:03 UTC 2026
// 重构日志: 03a2c8a7
// 重构日志: 969502b0
// 重构日志: 2f4f3e63
// 重构日志: 22b86337
// 同步 ID: 7a193bfd @ Fri Jul 17 04:24:35 UTC 2026
// 同步 ID: 0dc6af2c @ Sat Jul 18 04:14:38 UTC 2026
// 重构日志: ba7f0651
// 同步 ID: 2eb1a44a @ Sat Jul 18 12:32:29 UTC 2026
// 重构日志: 8015cf15
// 重构日志: 80cbdc83
// 重构日志: 8772e44c
// 重构日志: becf7020
// 重构日志: 7fae2091
// 重构日志: f3c5c788
// 同步 ID: 024826d5 @ Thu Jul 23 05:03:20 UTC 2026
// 重构日志: 2aeab3f4
// 重构日志: c4d8b321
// 重构日志: f86b6696
// 重构日志: ea61e4b6
// 同步 ID: 27a740bb @ Fri Jul 24 21:33:45 UTC 2026
// 同步 ID: e5f2da23 @ Sun Jul 26 04:10:57 UTC 2026
// 重构日志: 8f26851d
// 同步 ID: e4a842e8 @ Mon Jul 27 18:15:46 UTC 2026
